yardim.are
limbo.are
mekanik_dusler.are
zooloji.are
havada.are
hayvanat.are
kuzeyin_duzlukleri.are
goblin_kalesi.are
firetop2.are
buyuk_gerighelm.are
yeni_ofcol.are
valhalla.are
selenge.are
haon_dor.are
arachnos.are
hizmetkar_kanyonu.are
dylan.are
cuce_mezarligi.are
chapel.are
bucukluk.are
karanlik_kita.are
ejderha_kulesi.are
satranc.are
semavi_duzlem.are
cuce_kralligi.are
drow.are
thalos.are
isdirap_colu.are
arako_sehri.are
galaxy.are
warkeep.are
yggdrasil.are
troy.are
mirror2.are
ryzen2.are
titan.are
velmarin_kalesi.are
blight.are
ejderha_helezonu.are
canavar_bitkiler.are
ciqualanin_ini.are
villa.are
anon_sehri.are
hukum_dagi.are
hayalet_sehir.are
anon_duvarlari.are
lanetli_manastir.are
lic_kulesi.are
arkadya.are
bolunmus_ruhlar.are
drakiri_adasi.are
kiyamet.are
mudokulu.are
bakimevi.are
acemi_bolgesi.are
zumrut_koyu.are
mezarlik.are
gnom_koyu.are
selenge_ormani.are
moria.are
korig.are
mirkwood.are
tehlikeli_semt.are
group.are
kutsal_koru.are
cora_vadisi.are
help.are
mega_sehir.are
eski_thalos.are
sewer.are
goblin_kavmi.are
peri_cemberi.are
asuraini.are
bataklik.are
newthalos.are
ofcol.are
kufal_kosku.are
redferne.are
anatolia.are
sosyal.are
aslan.are
tuze.are
sovalye_kalesi.are
ofke.are
tilsim.are
istila.are
kaos.are
avci.are
wyvern_kulesi.are
yuksek_kule.are
mahntorun_kalesi.are
solas_kenti.are
cadilar_meclisi.are
nirvana.are
antharia.are
piramit.are
serbest_liman.are
yeralti.are
camelot.are
abyss2.are
tohell.are
jherin_lahiti.are
sumut.are
selenge_cezaevi.are
korsan_adalari.are
garp_diyar.are
thera_hapishanesi.are
ruhlar_nehri.are
beyaz_lotus_tapinagi.are
$
