limbo.are
dream.are
zoology.are
air.are
zoo3.are
plains.are
gstrong.are
firetop2.are
gerghlm2.are
ofcol2.are
immort.are
midgaard.are
haon.are
arachnos.are
canyon.are
dylan.are
catacomb.are
chapel.are
shire.are
dark2.are
draconia.are
chess2.are
astral.are
dwarven.are
drow.are
thalos.are
eastern.are
aarak2.are
galaxy.are
warkeep.are
tree.are
troy.are
mirror2.are
ryzen2.are
titan.are
king2.are
blight.are
dragon2.are
weed.are
ciquala2.are
villa.are
tcwnn.are
mtdoom.are
gtown.are
tcwnn2.are
unholy.are
lich.are
arcadia.are
divsouls.are
drakyri.are
armagddn.are
school.are
daycare.are
newbie2.are
smurf.are
grave.are
gnome.are
mobfact.are
moria.are
midennir.are
mirkwd2.are
hood.are
group.are
grove.are
valley.are
help.are
mega1.are
mirror.are
sewer.are
nation.are
faeriering.are
trollden.are
marsh.are
newthalos.are
ofcol.are
quifael.are
redferne.are
anatolia.are
social.are
lioncastle.are
ruler.are
knightcastle.are
battlerager.are
shalafi.are
invader.are
chaos.are
hunter.are
wyvern.are
hitower.are
mahntor.are
solace.are
coven.are
nirvana.are
antharia.are
pyramid.are
freeport.are
under2.are
camelot.are
abyss2.are
tohell.are
jher.are
olympus.are
prison.are
isles.are
westland.are
cells.are
spirriv.are
$
