tr/limbo.are
tr/mekanik_dusler.are
zoology.are
tr/havada.are
tr/hayvanat.are
try/kuzeyin_duzlukleri.are
tr/goblin_kalesi.are
firetop2.are
try/buyuk_gerighelm.are
ofcol2.are
try/valhalla.are
tr/selenge.are
try/haon_dor.are
ing/arachnos.are
tr/hizmetkar_kanyonu.are
ing/dylan.are
try/cuce_mezarligi.are
ing/chapel.are
tr/bucukluk.are
try/karanlik_kita.are
tr/ejderha_kulesi.are
tr/satranc.are
tr/semavi_duzlem.are
tr/cuce_kralligi.are
ing/drow.are
tr/eski_thalos.are
eastern.are
try/arako_sehri.are
ing/galaxy.are
warkeep.are
try/yggdrasil.are
troy.are
mirror2.are
ing/ryzen2.are
tr/titan.are
tr/velmarin_kalesi.are
try/blight.are
dragon2.are
weed.are
try/ciqualanin_ini.are
villa.are
tcwnn.are
mtdoom.are
tr/hayalet_sehir.are
tcwnn2.are
unholy.are
lich.are
try/arkadya.are
tr/bolunmus_ruhlar.are
drakyri.are
try/kiyamet.are
tr/mudokulu.are
tr/bakimevi.are
newbie2.are
tr/zumrut_koyu.are
tr/mezarlik.are
tr/gnom_koyu.are
tr/selenge_ormani.are
try/moria.are
tr/korig.are
mirkwd2.are
tr/tehlikeli_semt.are
ing/group.are
try/kutsal_koru.are
try/elf_vadisi.are
ing/help.are
mega1.are
mirror.are
sewer.are
try/goblin_kavmi.are
tr/peri_cemberi.are
tr/arbaini.are
tr/bataklik.are
ing/newthalos.are
tr/ofcol.are
tr/kufal_kosku.are
tr/redferne.are
ing/anatolia.are
ing/social.are
tr/aslan.are
tr/tuze.are
try/sovalye_kalesi.are
battlerager.are
tr/tilsim.are
tr/istila.are
tr/kaos.are
tr/avci.are
try/wyvern_kulesi.are
tr/yuksek_kule.are
tr/mahntorun_kalesi.are
solace.are
try/cadilar_meclisi.are
nirvana.are
ing/antharia.are
try/piramit.are
freeport.are
try/yeralti.are
tr/camelot.are
ing/abyss2.are
tohell.are
try/jherin_lahiti.are
tr/sumut.are
tr/selenge_cezaevi.are
isles.are
tr/garp_diyar.are
tr/thera_hapishanesi.are
try/ruhlar_nehri.are
$
